=====================
PRINT SQUARE FUNCTION
=====================

This module prints a square shape of given size

"""
print_square(3)
###
###
###

"""
::
USAGE
::
IMPORT MODULE
>>> print_square = __import__('4-print_square').print_square

==REGULAR PRINT==
>>> print_square(4)
####
####
####
####

>>> print_square(2)
##
##

==ERROR INPUT==
==SIZE MUST BE AN INTEGER==

>>> print_square(2.5)
Traceback (most recent call last):
...
TypeError: size must be an integer

>>> print_square([1])
Traceback (most recent call last):
...
TypeError: size must be an integer


==SIZE MUST BE GREATER THAN 0==

>>> print_square(-1)
Traceback (most recent call last):
...
ValueError: size must be >= 0
